[ujjwl-145421854.hubspotpagebuilder.eu/blog/understanding-the-right-to-freedom-of-speech-today.html]
[backblue.gif]
[fade.gif]
[index.html]
[cdn2.hubspot.net/hub/7052064/hub_generated/template_assets/1726237959927/hubspot/growth/css/main.min.css]
[cdn2.hubspot.net/hub/7052064/hub_generated/template_assets/1726237974520/hubspot/growth/css/templates/blog-post.min.css]
[cdn2.hubspot.net/hub/-1/hub_generated/module_assets/-48321643543/1726238237105/module_-48321643543_Social_sharing.min.css]
[ujjwl-145421854.hubspotpagebuilder.eu/hs/hsstatic/AsyncSupport/static-1.122/sass/comments_listing_asset.css]
[cdn2.hubspot.net/hub/-1/hub_generated/module_assets/-47160432302/1726238233956/module_-47160432302_Social_follow.min.css]
[139786597.fs1.hubspotusercontent-eu1.net/hubfs/139786597/raw_assets/media-default-modules/master/376/js_client_assets/assets/TrackPlayAnalytics-b0403829.css]
[139786597.fs1.hubspotusercontent-eu1.net/hubfs/139786597/raw_assets/media-default-modules/master/376/js_client_assets/assets/Tooltip-4a948cad.css]
[ujjwl-145421854.hubspotpagebuilder.eu/blog/understanding-the-right-to-freedom-of-speech-today3d9f.html]
[ujjwl-145421854.hubspotpagebuilder.eu/blog/rss.xml]
[ujjwl-145421854.hubspotpagebuilder.eu/blog/author/ujjwal-singh.html]
[platform.linkedin.com/in.js]
[www.facebook.com/share_channel/index6ef3.html]
[www.linkedin.com/uas/login3bff.html]
[twitter.com/intent/tweet.130d05.delayed]
[x.com/intent/tweet0d05.html]
[ujjwl-145421854.hubspotpagebuilder.eu/hs/hsstatic/cms-free-branding-lib/static-1.267/js/index.js]
[static.hsappstatic.net/content-cwv-embed/static-1.971/embed.js]
[ujjwl-145421854.hubspotpagebuilder.eu/hs/hsstatic/cos-i18n/static-1.53/bundles/project.js]
[ujjwl-145421854.hubspotpagebuilder.eu/hs/hsstatic/AsyncSupport/static-1.122/js/comment_listing_asset.js]
[ujjwl-145421854.hubspotpagebuilder.eu/_hcms/forms/v2.js]
[ujjwl-145421854.hubspotpagebuilder.eu/hs/scriptloader/145421854.js]
[ujjwl-145421854.hubspotpagebuilder.eu/hs/hsstatic/HubspotToolsMenu/static-1.354/js/index.js]
[connect.facebook.net/en_US/sdk.js]
[ujjwl-145421854.hubspotpagebuilder.eu/blog/understanding-the-right-to-freedom-of-speech-today.html]
[cdn2.hubspot.net/hub/7052064/hub_generated/template_assets/1726237959927/hubspot/growth/css/main.min.css]
[cdn2.hubspot.net/hub/7052064/hub_generated/template_assets/1726237974520/hubspot/growth/css/templates/blog-post.min.css]
[cdn2.hubspot.net/hub/-1/hub_generated/module_assets/-48321643543/1726238237105/module_-48321643543_Social_sharing.min.css]
[platform.twitter.com/widgets.js]
[static.hsappstatic.net/pictos_images/static-1.40/img/pictos-1-png/16/pictos-set1-21.png]
[ujjwl-145421854.hubspotpagebuilder.eu/hs/hsstatic/AsyncSupport/static-1.122/sass/comments_listing_asset.css]
[cdn2.hubspot.net/hub/-1/hub_generated/module_assets/-47160432302/1726238233956/module_-47160432302_Social_follow.min.css]
[139786597.fs1.hubspotusercontent-eu1.net/hubfs/139786597/raw_assets/media-default-modules/master/376/js_client_assets/assets/TrackPlayAnalytics-b0403829.css]
[139786597.fs1.hubspotusercontent-eu1.net/hubfs/139786597/raw_assets/media-default-modules/master/376/js_client_assets/assets/Tooltip-4a948cad.css]
[ujjwl-145421854.hubspotpagebuilder.eu/blog/understanding-the-right-to-freedom-of-speech-today3d9f.html]
[cdn2.hubspot.net/hub/-1/hub_generated/module_assets/-47160443985/1726238240556/module_-47160443985_Pagination.min.css]
[7528315.fs1.hubspotusercontent-na1.net/hubfs/7528315/raw_assets/public/mV0_d-cms-growth-theme_hubspot/growth/images/blog-banner.jpg]
[ujjwl-145421854.hubspotpagebuilder.eu/blog/author/ujjwal-singh.html]
[static.xx.fbcdn.net/rsrc.php/v3/yz/l/0,cross/2TWTY1KrqXh1f8e.css]
[www.facebook.com/share_channel/indexfa1a.html]
[static.xx.fbcdn.net/rsrc.php/v3/yl/l/0,cross/mmz31x_QAen1f8e.css]
[static.xx.fbcdn.net/rsrc.php/v3/y9/l/0,cross/er7eLHf08R91f8e.css]
[static.xx.fbcdn.net/rsrc.php/v3/y0/l/0,cross/8ENYH16uMP31f8e.css]
[static.xx.fbcdn.net/rsrc.php/v3/y4/r/V2jz_gSOAop1f8e.js]
[www.facebook.com/share_channel/help/637205020878504]
[connect.facebook.net/security/hsts-pixel.gif]
[www.facebook.com/share_channel/rnamK1.2e.delayed]
[static.xx.fbcdn.net/rsrc.php/v3ij9m4/yp/l/en_GB/-YM6xHK3ujE1f8e.js]
[static.xx.fbcdn.net/rsrc.php/v3/yQ/r/cVK90h5GB2a1f8e.js]
[www.facebook.com/share_channel/index6ef3.html]
[static.xx.fbcdn.net/rsrc.php/v3/yK/r/0nzLGKQRg3F1f8e.js]
[www.linkedin.com/uas/login3bff.html]
[abs.twimg.com/responsive-web/client-web/icon-ios.77d25eba.png]
[x.com/intent/tweet0d05.html]
[pinterest.com/pin/create/link/index0d05.html]
[connect.facebook.net/en_US/sdk.js]
[cdn2.hubspot.net/hub/-1/hub_generated/module_assets/-47160443985/1726238240556/module_-47160443985_Pagination.min.css]
[www.facebook.com/share_channel/indexfa1a.html]
[static.xx.fbcdn.net/rsrc.php/v3/yL/r/unHwF9CkMyM.png]
[static.xx.fbcdn.net/rsrc.php/v3/yo/r/P5YOMZ2AvVl.png]
[static.xx.fbcdn.net/rsrc.php/v3/y8/r/QmNowR8YIaT.png]
[static.xx.fbcdn.net/rsrc.php/v3/yH/r/xgVgalBG80z.png]
[static.xx.fbcdn.net/rsrc.php/v3/yd/r/18jcvVbseWI.png]
[static.xx.fbcdn.net/rsrc.php/v3/yz/l/0,cross/2TWTY1KrqXh1f8e.css]
[static.xx.fbcdn.net/rsrc.php/v3/yP/r/ZQxGeuP1tWI.png]
[static.xx.fbcdn.net/rsrc.php/v3/yX/r/rzFRr25hmIl.png]
[static.xx.fbcdn.net/rsrc.php/v3/yZ/r/YwPTeE82t1h.png]
[static.xx.fbcdn.net/rsrc.php/v3/y9/r/y7MG8IZpiC8.gif]
[static.xx.fbcdn.net/rsrc.php/v3/yU/r/O7nelmd9XSI.png]
[static.xx.fbcdn.net/rsrc.php/v3/yu/r/PmjSkvyqVM-.png]
[static.xx.fbcdn.net/rsrc.php/v3/yg/r/6oZO5zjhedE.png]
[static.xx.fbcdn.net/rsrc.php/v3/yl/l/0,cross/mmz31x_QAen1f8e.css]
[static.xx.fbcdn.net/rsrc.php/v3/yn/r/J-J3z0h9x9f.png]
[static.xx.fbcdn.net/rsrc.php/v3/yG/r/DU5Q_QUkI6j.png]
[static.xx.fbcdn.net/rsrc.php/v3/y_/r/OtEu13IEiXA.png]
[static.xx.fbcdn.net/rsrc.php/v3/ym/r/wIYevr-0SLd.png]
[static.xx.fbcdn.net/rsrc.php/v3/yY/r/AMjdqIrG0lM.png]
[static.xx.fbcdn.net/rsrc.php/v3/yv/r/XcPIROjSoOw.png]
[static.xx.fbcdn.net/rsrc.php/v3/yD/r/MKQzjVd1bVq.png]
[static.xx.fbcdn.net/rsrc.php/v3/yA/r/lHmjAzNKBcg.png]
[static.xx.fbcdn.net/rsrc.php/v3/y-/r/AGUNXgX_Wx3.gif]
[static.xx.fbcdn.net/rsrc.php/v3/yG/r/b53Ajb4ihCP.gif]
[static.xx.fbcdn.net/rsrc.php/v3/y9/l/0,cross/er7eLHf08R91f8e.css]
[static.xx.fbcdn.net/rsrc.php/v3/y0/l/0,cross/8ENYH16uMP31f8e.css]
[www.facebook.com/share_channel/Edg/index.html]
[www.facebook.com/share_channel/Firefox/index.html]
[www.facebook.com/share_channel/CriOS/index.html]
[www.facebook.com/share_channel/Chrome/index.html]
[www.facebook.com/share_channel/GET]
[static.xx.fbcdn.net/rsrc.php/v3/y4/r/V2jz_gSOAop1f8e.js]
[www.facebook.com/share_channel/Safari/index.html]
[www.facebook.com/share_channel/help/637205020878504.html]
[www.facebook.com/share_channel/rnamK1.html]
[static.xx.fbcdn.net/rsrc.php/v3ij9m4/yp/l/en_GB/-YM6xHK3ujE1f8e.js]
[www.facebook.com/share_channel/chrome-extension_/index.html]
[www.facebook.com/share_channel/Version/index.html]
[www.facebook.com/share_channel/^([^_/indexd41d.html]
[www.facebook.com/share_channel/ABCDEFGHIJKLMNOPQRSTUVWXYZabcdefghijklmnopqrstuvwxyz0123456789+/index.html]
[www.facebook.com/share_channel/l/index.html]
[www.facebook.com/share_channel/Style.set]
[static.xx.fbcdn.net/rsrc.php/v3/yQ/r/cVK90h5GB2a1f8e.js]
[static.xx.fbcdn.net/rsrc.php/v3/yK/r/0nzLGKQRg3F1f8e.js]
[www.facebook.com/share_channel/Firefox/index.html]
[www.facebook.com/share_channel/Edg/index.html]
[www.facebook.com/share_channel/Chrome/index.html]
[www.facebook.com/share_channel/CriOS/index.html]
[www.facebook.com/share_channel/Safari/index.html]
[www.facebook.com/share_channel/Version/index.html]
[www.facebook.com/share_channel/chrome-extension_/index.html]
[www.facebook.com/share_channel/^([^_/indexd41d.html]
[www.facebook.com/share_channel/GET.html]
[www.facebook.com/share_channel/ABCDEFGHIJKLMNOPQRSTUVWXYZabcdefghijklmnopqrstuvwxyz0123456789+/index.html]
[www.facebook.com/share_channel/l/index.html]
[www.facebook.com/share_channel/Style.html]
[ponf.linkedin.com/pixel/trackinga8ae.html]
